[00:28:27] INFO   ----> Process of diagnostic specification
[00:28:27] INFO   DDM-Version: 14.0.0 (RELEASE)
[00:28:27] INFO   Importing ODX file C:\Users\yongy\Desktop\aaa\zhuqiang655.github.io\S32K144_Start_new_IAR\Inputfiles\ForTraining.cdd, ECU: New_ECU_1, variant: CommonDiagnostics
[00:28:27] INFO   Selecting ECU 'New_ECU_1'  Variant 'CommonDiagnostics'  Protocol UDS.
[00:28:27] INFO   Selecting Manufacturer 'Vector'.
[00:28:27] INFO   'Vector' was selected and 'Vector' was detected.
[00:28:27] INFO   Importing Database information.
[00:28:27] INFO   ----> Importing Variants
[00:28:27] INFO   <---- Importing Variants
[00:28:27] INFO   ----> Importing StateGroups
[00:28:27] INFO   Importing StateMachine information.
[00:28:27] INFO   <---- Importing StateGroups
[00:28:27] INFO   ----> Importing Services
[00:28:27] INFO   Importing Service '1001'.
[00:28:27] INFO   Importing Service '1002'.
[00:28:27] INFO   Importing Service '1003'.
[00:28:27] INFO   Importing Service '1101'.
[00:28:27] INFO   Importing Service '14'.
[00:28:27] INFO   Importing Service '1901'.
[00:28:27] INFO   Importing Service '1902'.
[00:28:27] INFO   Importing Service '1906'.
[00:28:27] INFO   Importing Service '221000'.
[00:28:27] INFO   Importing Service '2701'.
[00:28:27] INFO   Importing Service '2702'.
[00:28:27] INFO   Importing Service '2E1000'.
[00:28:27] INFO   Importing Service '3E00'.
[00:28:27] INFO   Importing Service '8501'.
[00:28:27] INFO   Importing Service '8502'.
[00:28:27] INFO   <---- Importing Services
[00:28:27] INFO   ----> Importing FaultMemory
[00:28:27] INFO   Importing FaultMemory.
[00:28:27] WARN   Could not extract DTC format.
[00:28:27] INFO   AddSnapshotRecords for DTC 2
[00:28:27] WARN   Could not find SnapshotRecords for DTC (0x2). 
[00:28:27] INFO   <---- Importing FaultMemory
[00:28:27] INFO   ----> Importing FreezeFrame
[00:28:27] INFO   <---- Importing FreezeFrame
[00:28:27] INFO   ----> Importing DiagSettings
[00:28:27] INFO   Importing DiagSettings
[00:28:27] WARN   TimeBr > 100: Setting to 100
[00:28:27] WARN   TimeCs > 100: Setting to 100
[00:28:27] INFO   <---- Importing DiagSettings
[00:28:27] INFO   ----> Importing DataCompProps
[00:28:27] INFO   <---- Importing DataCompProps
[00:28:27] INFO   ODX Import finished successfully.
[00:28:27] INFO   Shaping imported model
[00:28:27] INFO   Adding shaper script to remove freeze frame 0x00
[00:28:27] INFO   >>>>>>>>>>>>>>>> SHAPING preparation >>>>>>>>>>>>>>>>
[00:28:27] INFO   <<<<<<<<<<<<<<<< SHAPING ready after 0s (0ms) <<<<<<<<<<<<<<<<
[00:28:27] INFO   >>>>>>>>>>>>>>>> SHAPING started >>>>>>>>>>>>>>>>
[00:28:27] INFO   >>>>>>>>>>>>>>>> ShapingStep ServiceSelection >>>>>>>>>>>>>>>>
[00:28:27] INFO   <<<<<<<<<<<<<<<< ShapingStep ServiceSelection( completed in 0s (0ms) <<<<<<<<<<<<<<<<
[00:28:27] INFO   >>>>>>>>>>>>>>>> ShapingStep DataPreparation >>>>>>>>>>>>>>>>
[00:28:27] NOTE     - Shape Data Comp Collections
[00:28:27] INFO   At Ecu 
[00:28:27] INFO     - Fix Unsigned Boolean
[00:28:27] INFO     - Convert XInt24/XInt64 to Byte-Array
[00:28:27] INFO     - Set Compu-Scale Symbols
[00:28:27] INFO   <<<<<<<<<<<<<<<< ShapingStep DataPreparation( completed in 0s (0ms) <<<<<<<<<<<<<<<<
[00:28:27] INFO   >>>>>>>>>>>>>>>> ShapingStep ServiceDefinition >>>>>>>>>>>>>>>>
[00:28:27] INFO   Finding duplicated services... 
[00:28:27] INFO   Destroying duplicated services... 
[00:28:27] INFO   At Service 0x22 SubService 0x1000 
[00:28:27] INFO     - Applying service definition shaping to protocol component [RecordDataIdentifier]
[00:28:27] INFO     - Service has now new definition: 0x22 0x1000 Diag_RWDI_LightOnOffCounter_Read
[00:28:27] INFO     - Applying service definition shaping to protocol component [RecordDataIdentifier]
[00:28:27] INFO     - Service has now new definition: 0x22 0x1000 Diag_RWDI_LightOnOffCounter_Read
[00:28:27] INFO   At Service 0x2e SubService 0x1000 
[00:28:27] INFO     - Applying service definition shaping to protocol component [RecordDataIdentifier]
[00:28:27] INFO     - Service has now new definition: 0x2e 0x1000 Diag_RWDI_LightOnOffCounter_Write
[00:28:27] INFO     - Applying service definition shaping to protocol component [RecordDataIdentifier]
[00:28:27] INFO     - Service has now new definition: 0x2e 0x1000 Diag_RWDI_LightOnOffCounter_Write
[00:28:27] INFO   <<<<<<<<<<<<<<<< ShapingStep ServiceDefinition( completed in 0.016s (16ms) <<<<<<<<<<<<<<<<
[00:28:27] INFO   >>>>>>>>>>>>>>>> ShapingStep DataDefinition >>>>>>>>>>>>>>>>
[00:28:27] INFO   Service: 0x2e 0x1000 Diag_RWDI_LightOnOffCounter_Write shared data components linked to: Service: 0x22 0x1000 Diag_RWDI_LightOnOffCounter_Read !!!
[00:28:27] INFO   At Service 0x19 SubService 0x1 (atomic) 
[00:28:27] INFO     - Attribute 'FaultmemoryData' changed from 'N/A' to 'TESTFAULT'
[00:28:27] INFO   At Service 0x10 SubService 0x1 (atomic) 
[00:28:27] INFO     - Attribute 'FaultmemoryData' changed from 'N/A' to 'TESTFAULT'
[00:28:27] INFO   At Service 0x10 SubService 0x1 (atomic) 
[00:28:27] INFO     - Attribute 'FaultmemoryData' changed from 'N/A' to 'TESTFAULT'
[00:28:27] INFO   At Service 0x10 SubService 0x2 (atomic) 
[00:28:27] INFO     - Attribute 'FaultmemoryData' changed from 'N/A' to 'TESTFAULT'
[00:28:27] INFO   At Service 0x10 SubService 0x2 (atomic) 
[00:28:27] INFO     - Attribute 'FaultmemoryData' changed from 'N/A' to 'TESTFAULT'
[00:28:27] INFO   At Service 0x10 SubService 0x3 (atomic) 
[00:28:27] INFO     - Attribute 'FaultmemoryData' changed from 'N/A' to 'TESTFAULT'
[00:28:27] INFO   At Service 0x10 SubService 0x3 (atomic) 
[00:28:27] INFO     - Attribute 'FaultmemoryData' changed from 'N/A' to 'TESTFAULT'
[00:28:27] INFO   At Service 0x22 SubService 0x1000 (atomic) 
[00:28:27] INFO     - Attribute 'FaultmemoryData' changed from 'N/A' to 'TESTFAULT'
[00:28:27] INFO   At Service 0x27 SubService 0x1 (atomic) 
[00:28:27] INFO     - Attribute 'FaultmemoryData' changed from 'N/A' to 'TESTFAULT'
[00:28:27] INFO   At Service 0x27 SubService 0x2 (atomic) 
[00:28:27] INFO     - Attribute 'FaultmemoryData' changed from 'N/A' to 'TESTFAULT'
[00:28:27] NOTE     - Building Service Dids
[00:28:27] NOTE     - Building Routines
[00:28:27] NOTE     - Shape Routine Parameter Names
[00:28:27] INFO   <<<<<<<<<<<<<<<< ShapingStep DataDefinition( completed in 0s (0ms) <<<<<<<<<<<<<<<<
[00:28:27] INFO   >>>>>>>>>>>>>>>> ShapingStep DataIdentifier >>>>>>>>>>>>>>>>
[00:28:27] INFO   <<<<<<<<<<<<<<<< ShapingStep DataIdentifier( completed in 0s (0ms) <<<<<<<<<<<<<<<<
[00:28:27] INFO   >>>>>>>>>>>>>>>> ShapingStep Service >>>>>>>>>>>>>>>>
[00:28:27] INFO   At Service 0x10 
[00:28:27] INFO     - Qualifier changed from 'DefaultSession_Start' to 'DiagSessionControl'
[00:28:27] INFO     - Service action qualifier set to 'SessionControl'
[00:28:27] INFO   At Service 0x10 SubService 0x1 
[00:28:27] INFO     - SubService action qualifier set to 'StartSession'
[00:28:27] INFO   At Service 0x10 SubService 0x2 
[00:28:27] INFO     - SubService action qualifier set to 'StartSession'
[00:28:27] INFO   At Service 0x10 SubService 0x3 
[00:28:27] INFO     - SubService action qualifier set to 'StartSession'
[00:28:27] INFO   At Service 0x10 SubService 0x1 
[00:28:27] INFO     - Qualifier changed from 'DefaultSession_Start' to 'Default'
[00:28:27] INFO   At Service 0x10 SubService 0x2 
[00:28:27] INFO     - Qualifier changed from 'ProgrammingSession_Start' to 'Programming'
[00:28:27] INFO   At Service 0x10 SubService 0x3 
[00:28:27] INFO     - Qualifier changed from 'ExtendedDiagnosticSession_Start' to 'Extended'
[00:28:27] INFO   At Service 0x11 
[00:28:27] INFO     - Qualifier changed from 'ECU_Reset_HardReset_Process' to 'EcuReset'
[00:28:27] INFO   At Service 0x11 SubService 0x1 
[00:28:27] INFO     - SubService action qualifier set to 'EcuReset'
[00:28:27] INFO   At Service 0x11 SubService 0x1 
[00:28:27] INFO     - Qualifier changed from 'ECU_Reset_HardReset_Process' to 'Hard'
[00:28:27] INFO   At Service 0x14 
[00:28:27] INFO     - Qualifier changed from 'FaultMemory_Clear' to 'ClearDiagInfo'
[00:28:27] INFO   At Service 0x14 SubService 
[00:28:27] INFO     - SubService action qualifier set to 'Clear'
[00:28:27] INFO     - Qualifier changed from 'FaultMemory_Clear' to 'ClearDiagInfo'
[00:28:27] INFO   At Service 0x19 
[00:28:27] INFO     - Qualifier changed from 'FaultMemory_ReadAllIdentified' to 'ReadDtcInfo'
[00:28:27] INFO   At Service 0x19 SubService 0x2 
[00:28:27] INFO     - SubService action qualifier set to 'ReadDtc'
[00:28:27] INFO   At Service 0x19 SubService 0x1 
[00:28:27] INFO     - SubService action qualifier set to 'ReadDtc'
[00:28:27] INFO   At Service 0x19 SubService 0x6 
[00:28:27] INFO     - SubService action qualifier set to 'ReadDtc'
[00:28:27] INFO   At Service 0x19 SubService 0x1 
[00:28:27] INFO     - Qualifier changed from 'FaultMemory_ReadNumber' to 'RNODTCBSM'
[00:28:27] INFO   At Service 0x19 SubService 0x2 
[00:28:27] INFO     - Qualifier changed from 'FaultMemory_ReadAllIdentified' to 'RDTCBSM'
[00:28:27] INFO   At Service 0x19 SubService 0x6 
[00:28:27] INFO     - Qualifier changed from 'FaultMemory_Read_extended' to 'RDTCEDRBDN'
[00:28:27] INFO   At Service 0x22 
[00:28:27] INFO     - Qualifier changed from 'Diag_RWDI_LightOnOffCounter_Read' to 'ReadDataById'
[00:28:27] INFO     - Service action qualifier set to 'Read'
[00:28:27] INFO   At Service 0x22 SubService 0x1000 
[00:28:27] INFO     - SubService action qualifier set to 'ReadDid'
[00:28:27] INFO   At Service 0x27 
[00:28:27] INFO     - Qualifier changed from 'Seed_Level1_Request' to 'SecurityAccess'
[00:28:27] INFO     - Service action qualifier set to 'SecurityAccess'
[00:28:27] INFO   At Service 0x27 SubService 0x2 
[00:28:27] INFO     - SubService action qualifier set to 'SendKey'
[00:28:27] INFO   At Service 0x27 SubService 0x1 
[00:28:27] INFO     - SubService action qualifier set to 'GetSeed'
[00:28:27] INFO   At Service 0x2e 
[00:28:27] INFO     - Qualifier changed from 'Diag_RWDI_LightOnOffCounter_Write' to 'WriteDataById'
[00:28:27] INFO     - Service action qualifier set to 'Write'
[00:28:27] INFO   At Service 0x2e SubService 0x1000 
[00:28:27] INFO     - SubService action qualifier set to 'WriteDid'
[00:28:27] INFO   At Service 0x3e 
[00:28:27] INFO     - Qualifier changed from 'TesterPresent_Send' to 'TesterPresent'
[00:28:27] INFO   At Service 0x3e SubService 0x0 
[00:28:27] INFO     - SubService action qualifier set to 'Send'
[00:28:27] INFO     - Qualifier changed from 'TesterPresent_Send' to 'TesterPresent'
[00:28:27] INFO   At Service 0x85 
[00:28:27] INFO     - Qualifier changed from 'ControlDTCSetting_On' to 'ControlDtcSetting'
[00:28:27] INFO   At Service 0x85 SubService 0x1 
[00:28:27] INFO     - SubService action qualifier set to 'ControlDtcSetting'
[00:28:27] INFO   At Service 0x85 SubService 0x2 
[00:28:27] INFO     - SubService action qualifier set to 'ControlDtcSetting'
[00:28:27] INFO   At Service 0x85 SubService 0x1 
[00:28:27] INFO     - Qualifier changed from 'ControlDTCSetting_On' to 'Enable'
[00:28:27] INFO   At Service 0x85 SubService 0x2 
[00:28:27] INFO     - Qualifier changed from 'ControlDTCSetting_Off' to 'Disable'
[00:28:27] INFO   <<<<<<<<<<<<<<<< ShapingStep Service( completed in 0.031s (31ms) <<<<<<<<<<<<<<<<
[00:28:27] INFO   >>>>>>>>>>>>>>>> ShapingStep StateMachine >>>>>>>>>>>>>>>>
[00:28:27] INFO   At Ecu 
[00:28:27] INFO     - Session 'Default' does not have any P2 timings! Created default P2: 50ms
[00:28:27] INFO     - Session 'Default' does not have any P2Ex timings! Created default P2Ex: 5000ms
[00:28:27] INFO     - Session 'Programming' does not have any P2 timings! Created default P2: 50ms
[00:28:27] INFO     - Session 'Programming' does not have any P2Ex timings! Created default P2Ex: 5000ms
[00:28:27] INFO     - Session 'Extended' does not have any P2 timings! Created default P2: 50ms
[00:28:27] INFO     - Session 'Extended' does not have any P2Ex timings! Created default P2Ex: 5000ms
[00:28:27] NOTE     - Building Diagnostic Sessions
[00:28:27] NOTE     -  + Session 'Default' created
[00:28:27] NOTE     -  + Session 'Programming' created
[00:28:27] NOTE     -  + Session 'Extended' created
[00:28:27] NOTE     - Building Diagnostic Securities
[00:28:27] NOTE     -  + Security 'Level_01' created
[00:28:27] NOTE     - Building Access Conditions
[00:28:27] NOTE     -  + Access Cond '|' created
[00:28:27] NOTE     -  + Access Cond '02;03|' created
[00:28:27] NOTE     - Building Access Conditions - finshed
[00:28:27] INFO   <<<<<<<<<<<<<<<< ShapingStep StateMachine( completed in 0s (0ms) <<<<<<<<<<<<<<<<
[00:28:27] INFO   >>>>>>>>>>>>>>>> ShapingStep StateMachine2 >>>>>>>>>>>>>>>>
[00:28:27] INFO   <<<<<<<<<<<<<<<< ShapingStep StateMachine2( completed in 0s (0ms) <<<<<<<<<<<<<<<<
[00:28:27] INFO   >>>>>>>>>>>>>>>> ShapingStep Settings >>>>>>>>>>>>>>>>
[00:28:27] INFO   At Ecu 'New_ECU_1' 
[00:28:27] INFO     - Set 'periodic rate slow' to default '1000'
[00:28:27] INFO     - Set 'periodic rate medium' to default '100'
[00:28:27] INFO     - Set 'periodic rate fast' to default '20'
[00:28:27] INFO     - Set 'maximum number of dynamically defined dids' to '5'
[00:28:27] INFO   <<<<<<<<<<<<<<<< ShapingStep Settings( completed in 0s (0ms) <<<<<<<<<<<<<<<<
[00:28:27] INFO   >>>>>>>>>>>>>>>> ShapingStep FaultMemory >>>>>>>>>>>>>>>>
[00:28:27] NOTE     - Building Diagnostic Event Memories
[00:28:27] INFO   At Ecu 
[00:28:27] INFO     -  + Event-Memory 'PrimaryMemory' created
[00:28:27] INFO   At DTC 0x2 
[00:28:27] INFO     - Member Attribute 'DTC_CLASSIFICATION' set to 'NULL'
[00:28:27] INFO     - Member Attribute 'READINESS_GROUP' set to 'NULL'
[00:28:27] INFO     - Qualifier changed from 'DTC_2' to 'DTC_0x000002'
[00:28:27] INFO     - Member Attribute 'DTC_TYPE' set to default value 'Fault'
[00:28:27] INFO     - Member Attribute 'PRIORITY' set to '2'
[00:28:27] INFO     - Member Attribute 'OPERATION_CYCLE' set to 'DEM_IGNITION'
[00:28:27] INFO     - Member Attribute 'AGING_CYCLE' set to 'DEM_IGNITION'
[00:28:27] INFO     - Member Attribute 'AGING_COUNTER' set to '1'
[00:28:27] INFO     - Member Attribute 'HEALING_CYCLE' set to default value 'NULL'
[00:28:27] INFO     - Member Attribute 'HEALING_COUNTER' set to default value 'NULL'
[00:28:27] INFO     - Add to 'EventMemory' value(s) 'Primary'
[00:28:27] INFO     - Member Attribute 'AGING_ALLOWED' set to 'FALSE'
[00:28:27] INFO     - Member Attribute 'DEBOUNCE_SETTING' changed from 'NONE' to 'COUNTER_BASED'
[00:28:27] INFO   At DTC 0x2 Debounce type: 'COUNTER_BASED' 
[00:28:27] INFO     - Counter Debounce Setting 'JUMP_PASSED' set to 'FALSE'
[00:28:27] INFO     - Counter Debounce Setting 'JUMP_FAILED' set to 'FALSE'
[00:28:27] INFO     - Attribute 'THRESHOLD_STORAGE' setting to default value 'NULL'
[00:28:27] INFO     - Attribute 'THRESHOLD_PASSED' setting to default value 'NULL'
[00:28:27] INFO     - Attribute 'THRESHOLD_FAILED' setting to default value 'NULL'
[00:28:27] INFO     - Counter Debounce Setting 'STEP_SIZE_FAILED' set to '1'
[00:28:27] INFO     - Counter Debounce Setting 'STEP_SIZE_PASSED' set to '1'
[00:28:27] INFO   At DTC 0x2 DEBOUNCE_SETTING: COUNTER_BASED 
[00:28:27] INFO     - Counter Debounce Setting 'JUMP_FAILED' changed from 'FALSE' to 'TRUE'
[00:28:27] INFO   At Ecu 'New_ECU_1' 
[00:28:27] INFO     - Set property 'ssrNumeration' to 'calculated'
[00:28:27] INFO     - Set property 'ssrUpdatable' to 'true'
[00:28:27] INFO     - Set property 'ecgNaming' to 'singleElem'
[00:28:27] INFO   <<<<<<<<<<<<<<<< ShapingStep FaultMemory( completed in 0s (0ms) <<<<<<<<<<<<<<<<
[00:28:27] INFO   >>>>>>>>>>>>>>>> ShapingStep FaultMemory2 >>>>>>>>>>>>>>>>
[00:28:27] NOTE     - Building DidSets. WWH-OBD supported: false
[00:28:27] INFO   <<<<<<<<<<<<<<<< ShapingStep FaultMemory2( completed in 0s (0ms) <<<<<<<<<<<<<<<<
[00:28:27] INFO   >>>>>>>>>>>>>>>> ShapingStep Obd >>>>>>>>>>>>>>>>
[00:28:27] NOTE     - Deleting OBD Sub-Services for Pids
[00:28:27] INFO   <<<<<<<<<<<<<<<< ShapingStep Obd( completed in 0s (0ms) <<<<<<<<<<<<<<<<
[00:28:27] INFO   >>>>>>>>>>>>>>>> ShapingStep CleanUp >>>>>>>>>>>>>>>>
[00:28:27] INFO   <<<<<<<<<<<<<<<< ShapingStep CleanUp( completed in 0s (0ms) <<<<<<<<<<<<<<<<
[00:28:27] INFO   <<<<<<<<<<<<<<<< SHAPING finished after 0.063s (63ms) <<<<<<<<<<<<<<<<
[00:28:27] INFO   Shaping AR-Export
[00:28:27] INFO   ----> Shaping DescDataModel
[00:28:27] INFO   ----> Shape DID data
[00:28:27] INFO   <---- Finished shaping DID data
[00:28:27] INFO   ----> Shape service data
[00:28:27] INFO   <---- Finished shaping service data
[00:28:27] INFO   <---- Finished shaping DescDataModel 
[00:28:27] INFO   Exporting ECUC module configurations to file: C:\Users\yongy\AppData\Local\Temp\DaVinci\Cfg-8312584\DiagnosticsImportService\1756139306973-0\DiagnosticsDescriptionData3497958953883034846.xml
[00:28:27] INFO   ----> Create ECUC from imported diagnostic data.
[00:28:27] NOTE   Using EcucEx-Parameter 'DemDidQualifierMode' = 'R19' (default)
[00:28:27] NOTE   Using EcucEx-Parameter 'DcmQualifierMode' = 'R19' (default)
[00:28:27] INFO   ----> STEP 1: Create ECUC model.
[00:28:27] INFO   Creating Dcm module configuration...
[00:28:27] INFO   Creating Dem module configuration...
[00:28:27] INFO   <---- STEP 1: Finished.
[00:28:27] INFO   ----> STEP 2: Postprocess created ECUC model.
[00:28:27] INFO   ----> Decorate imported object qualifiers/shortnames
[00:28:27] INFO   <---- Finished decorating qualifiers/shortnames
[00:28:27] INFO   ----> Transform imported object qualifiers/shortnames to match AUTOSAR IDENTIFIER pattern restriction (except length limit)
[00:28:27] INFO   <---- Finished transforming shortnames
[00:28:27] INFO   ----> Ensure uniqueness of container shortnames within their scope
[00:28:27] INFO   <---- Finished ensuring uniqueness of container shortnames
[00:28:27] INFO   ----> Truncate shortnames whose length exceeds the 128 character limit for AUTOSAR shortnames
[00:28:27] INFO   <---- Finished truncating shortnames
[00:28:27] INFO   ----> Resolve reference parameters
[00:28:27] INFO   <---- Finished resolving reference parameters
[00:28:27] INFO   <---- STEP 2: Finished.
[00:28:27] INFO   ----> STEP 3: Serialize ECUC model to XML.
[00:28:27] INFO   <---- STEP 3: Finished.
[00:28:27] INFO   <---- Finished creation of ECUC from imported diagnostic data.
[00:28:27] INFO   <---- Process of diagnostic specification.
