2025-08-26 - 00:28:39
Workflow 'Update workflow.' started.
              Using DaVinci Configurator  5.18.37 SP1 (x86_64).
 00:28:39 - Action 'Validate workflow environment' started.
 00:28:39 - Action 'Validate dpa file' started.
 00:28:40 - Action 'Validate dpa file' successfully finished.
 00:28:40 - Action 'SLP conformance check' started.
 00:28:40 - Action 'SLP conformance check' successfully finished.
 00:28:40 - Action 'Validate workflow environment' successfully finished.
 00:28:40 - Action 'Create copy of the Project' started.
              Copy project 'C:\Users\yongy\Desktop\aaa\zhuqiang655.github.io\S32K144_Start_new_IAR' to 'C:\Users\yongy\AppData\Local\Temp\DaVinci\Cfg-8312584\Workflow\1756139320665-0'...
              Adjusting DPA file of copied project...
 00:28:40 - Action 'Create copy of the Project' successfully finished.
 00:28:40 - Action 'Close Project' started.
 00:28:41 - Action 'Close Project' successfully finished.
 00:28:44 - Action 'Prepare DaVinci Developer update data' started.
 00:28:44 - Action 'Prepare DaVinci Developer update data' successfully finished.
 00:28:44 - Action 'Prepare System Extract' started.
 00:28:44 - Action 'Preprocessing System Extract' started.
 00:28:44 - Action 'Preprocessing System Extract' successfully finished.
 00:28:44 - Action 'Create OEM Communication Extract' started.
 00:28:44 - Action 'Create OEM Communication Extract' successfully finished.
 00:28:44 - Action 'Prepare System Extract' successfully finished.
 00:28:44 - Action 'Updating the project' started.
 00:28:46 - Action 'Create ECU configuration' started.
              [Warning] COM52013: No transmission mode declared for the ISignalIPdu.
                          Extract Path: /PDU/VCU_Start_oCAN00
                          Ecuc    Path: /Com/ComConfig/VCU_Start_oCAN00_e045137b_Tx/ComTxIPdu.
 00:28:49 - Action 'Create ECU configuration' successfully finished with warnings.
                 [Warning] COM52013: No transmission mode declared for the ISignalIPdu.
                     Extract Path: /PDU/VCU_Start_oCAN00
                     Ecuc    Path: /Com/ComConfig/VCU_Start_oCAN00_e045137b_Tx/ComTxIPdu.
 00:28:49 - Action 'Update ECU configuration' started.
 00:28:49 - Action 'Update ECU configuration' started.
 00:28:52 - Action 'Update ECU configuration' successfully finished.
 00:28:52 - Action 'Update ECU configuration' successfully finished.
 00:28:52 - Action 'Updating the project' finished.
 00:28:52 - Action 'Adapt project file' started.
 00:28:52 - Action 'Adapt project file' successfully finished.
 00:28:52 - Action 'Generate update report' started.
 00:28:56 - Action 'Generate update report' successfully finished.
 00:28:56 - Action 'Execute Solving Actions' started.
              Executing Auto-Solving-Actions...
              Auto-Solving-Actions done.
              Executing update specific Preferred-Solving-Actions...
              Update specific Preferred-Solving-Actions done.
 00:28:58 - Action 'Execute Solving Actions' successfully finished.
 00:28:58 - Action 'Update DaVinci Developer Workspace' started.
              26 Aug 2025 00:29:04 - Opening workspace 'C:\Users\yongy\AppData\Local\Temp\DaVinci\Cfg-8312584\Workflow\1756139320665-0\Config\Developer\S32K144_Start.dcf'...
              26 Aug 2025 00:29:06 - Loading file PlatformTypes_AR4.arxml (C:\Users\yongy\AppData\Local\Temp\DaVinci\Cfg-8312584\Workflow\1756139320665-0\Config\AUTOSAR\PlatformTypes_AR4.arxml).
              26 Aug 2025 00:29:06 - Loading file BswM_swc.arxml (C:\Users\yongy\AppData\Local\Temp\DaVinci\Cfg-8312584\Workflow\1756139320665-0\Config\ServiceComponents\BswM_swc.arxml).
              26 Aug 2025 00:29:06 - Loading file ComM_swc.arxml (C:\Users\yongy\AppData\Local\Temp\DaVinci\Cfg-8312584\Workflow\1756139320665-0\Config\ServiceComponents\ComM_swc.arxml).
              26 Aug 2025 00:29:06 - Loading file Dcm_swc.arxml (C:\Users\yongy\AppData\Local\Temp\DaVinci\Cfg-8312584\Workflow\1756139320665-0\Config\ServiceComponents\Dcm_swc.arxml).
              26 Aug 2025 00:29:06 - Loading file Dem_swc.arxml (C:\Users\yongy\AppData\Local\Temp\DaVinci\Cfg-8312584\Workflow\1756139320665-0\Config\ServiceComponents\Dem_swc.arxml).
              26 Aug 2025 00:29:06 - Loading file Det_swc.arxml (C:\Users\yongy\AppData\Local\Temp\DaVinci\Cfg-8312584\Workflow\1756139320665-0\Config\ServiceComponents\Det_swc.arxml).
              26 Aug 2025 00:29:06 - Loading file EcuM_swc.arxml (C:\Users\yongy\AppData\Local\Temp\DaVinci\Cfg-8312584\Workflow\1756139320665-0\Config\ServiceComponents\EcuM_swc.arxml).
              26 Aug 2025 00:29:06 - Loading file Os_swc.arxml (C:\Users\yongy\AppData\Local\Temp\DaVinci\Cfg-8312584\Workflow\1756139320665-0\Config\ServiceComponents\Os_swc.arxml).
              26 Aug 2025 00:29:06 - Loading file Communication.arxml (C:\Users\yongy\AppData\Local\Temp\DaVinci\Cfg-8312584\Workflow\1756139320665-0\Update\DevData\Communication.arxml).
              26 Aug 2025 00:29:06 - Loading file CddSbc.arxml (C:\Users\yongy\AppData\Local\Temp\DaVinci\Cfg-8312584\Workflow\1756139320665-0\Config\Developer\CddSbc.arxml).
              26 Aug 2025 00:29:06 - Loading file CtLedTask.arxml (C:\Users\yongy\AppData\Local\Temp\DaVinci\Cfg-8312584\Workflow\1756139320665-0\Config\Developer\CtLedTask.arxml).
              26 Aug 2025 00:29:06 - Loading file DataTypes.arxml (C:\Users\yongy\AppData\Local\Temp\DaVinci\Cfg-8312584\Workflow\1756139320665-0\Config\Developer\DataTypes.arxml).
              26 Aug 2025 00:29:06 - Loading file Packages.arxml (C:\Users\yongy\AppData\Local\Temp\DaVinci\Cfg-8312584\Workflow\1756139320665-0\Config\Developer\Packages.arxml).
              26 Aug 2025 00:29:06 - Loading file PortInterfaces.arxml (C:\Users\yongy\AppData\Local\Temp\DaVinci\Cfg-8312584\Workflow\1756139320665-0\Config\Developer\PortInterfaces.arxml).
              26 Aug 2025 00:29:06 - Loading file S32K144_Start.arxml (C:\Users\yongy\AppData\Local\Temp\DaVinci\Cfg-8312584\Workflow\1756139320665-0\Config\Developer\S32K144_Start.arxml).
              26 Aug 2025 00:29:07 - Opened workspace 'C:\Users\yongy\AppData\Local\Temp\DaVinci\Cfg-8312584\Workflow\1756139320665-0\Config\Developer\S32K144_Start.dcf' successfully.
              26 Aug 2025 00:29:08 - Start import.
              26 Aug 2025 00:29:08 - Importing file (C:\Users\yongy\AppData\Local\Temp\DaVinci\Cfg-8312584\Workflow\1756139320665-0\Config\System\SystemExtract.arxml).
              26 Aug 2025 00:29:08 - Merging imported data.
              26 Aug 2025 00:29:08 - Finished import.
              26 Aug 2025 00:29:08 - Saving workspace 'C:\Users\yongy\AppData\Local\Temp\DaVinci\Cfg-8312584\Workflow\1756139320665-0\Config\Developer\S32K144_Start.dcf'...
              26 Aug 2025 00:29:09 - Saving file DataTypes.arxml (C:\Users\yongy\AppData\Local\Temp\DaVinci\Cfg-8312584\Workflow\1756139320665-0\Config\Developer\DataTypes.arxml).
              26 Aug 2025 00:29:09 - Saved workspace 'C:\Users\yongy\AppData\Local\Temp\DaVinci\Cfg-8312584\Workflow\1756139320665-0\Config\Developer\S32K144_Start.dcf' successfully.
              26 Aug 2025 00:29:09 - Closing workspace 'C:\Users\yongy\AppData\Local\Temp\DaVinci\Cfg-8312584\Workflow\1756139320665-0\Config\Developer\S32K144_Start.dcf'...
              26 Aug 2025 00:29:09 - Closed workspace 'C:\Users\yongy\AppData\Local\Temp\DaVinci\Cfg-8312584\Workflow\1756139320665-0\Config\Developer\S32K144_Start.dcf' successfully.
              OK.
 00:29:10 - Action 'Update DaVinci Developer Workspace' successfully finished.
 00:29:10 - Action 'Update RTE configuration' started.
 00:29:10 - Action 'Update RTE configuration' successfully finished.
 00:29:10 - Action 'Align differences after successful update' started.
 00:29:10 - Action 'Align differences after successful update' successfully finished.
 00:29:10 - Action 'Clean up update data' started.
 00:29:10 - Action 'Clean up update data' successfully finished.
00:29:14 - Workflow 'Update workflow.' finished.
